alerts_action_applies
alerts_callback
alerts_check_all
alerts_check_session
alerts_queue
alerts_reset
alerts_reset_all
alerts_set_message
alerts_timer
areshell
args_escape
args_first_value
args_free
args_get
args_has
args_next_value
args_parse
args_print
args_print_add
args_set
args_strtonum
args_tree_RB_NEXT
attributes_fromstring
attributes_tostring
BSDgetopt
cfg_add_cause
cfg_client_done
cfg_done
cfg_print_causes
cfg_show_causes
cfg_show_causes.part.0
checkshell
check_window_name
client_dispatch
client_dispatch_wait
client_exec
client_exit_message
client_main
client_signal
client_stdin_callback
client_write
closefrom
cmd_append_argv
cmd_attach_session
cmd_attach_session_exec
cmd_bind_key_exec
cmd_break_pane_exec
cmd_capture_pane_append
cmd_capture_pane_exec
cmd_choose_tree_exec
cmd_command_prompt_callback
cmd_command_prompt_exec
cmd_command_prompt_free
cmd_confirm_before_callback
cmd_confirm_before_exec
cmd_confirm_before_free
cmd_copy_argv
cmd_copy_mode_exec
cmd_detach_client_exec
cmd_display_menu_exec
cmd_display_message_each
cmd_display_message_exec
cmd_display_panes_draw
cmd_display_panes_exec
cmd_display_panes_free
cmd_display_panes_key
cmd_find
cmd_find_best_client
cmd_find_best_session.part.0
cmd_find_best_session_with_window
cmd_find_best_winlink_with_window
cmd_find_clear_state
cmd_find_client
cmd_find_copy_state
cmd_find_empty_state
cmd_find_from_client
cmd_find_from_mouse
cmd_find_from_nothing
cmd_find_from_pane
cmd_find_from_session
cmd_find_from_session_window
cmd_find_from_window
cmd_find_from_winlink
cmd_find_from_winlink_pane
cmd_find_get_pane_with_window.isra.0
cmd_find_get_session.isra.0
cmd_find_get_window
cmd_find_get_window_with_session
cmd_find_inside_pane
cmd_find_log_state
cmd_find_map_table
cmd_find_session_better
cmd_find_target
cmd_find_valid_state
cmd_find_window_exec
cmd_free
cmd_free_argv
cmd_free_argv.part.0
cmd_get_alias
cmd_if_shell_callback
cmd_if_shell_exec
cmd_if_shell_free
cmd_join_pane_exec
cmd_kill_pane_exec
cmd_kill_server_exec
cmd_kill_session_exec
cmd_kill_window_exec
cmd_list_append
cmd_list_buffers_exec
cmd_list_clients_exec
cmd_list_free
cmd_list_keys_exec
cmd_list_move
cmd_list_new
cmd_list_panes_exec
cmd_list_panes_session
cmd_list_panes_window.isra.0
cmd_list_print
cmd_list_sessions_exec
cmd_list_windows_exec
cmd_list_windows_session.isra.0
cmd_load_buffer_callback
cmd_load_buffer_exec
cmd_lock_server_exec
cmd_log_argv
cmd_mouse_at
cmd_mouse_pane
cmd_mouse_window
cmd_move_window_exec
cmd_new_session_exec
cmd_new_window_exec
cmd_pack_argv
cmd_parse
cmd_parse_build_commands
cmd_parse_free_command
cmd_parse_free_commands
cmd_parse_from_arguments
cmd_parse_from_file
cmd_parse_from_string
cmd_parse_get_error
cmd_parse_print_commands.part.0
cmd_parse_run_parser
cmd_paste_buffer_exec
cmd_pipe_pane_error_callback
cmd_pipe_pane_exec
cmd_pipe_pane_read_callback
cmd_pipe_pane_write_callback
cmd_prepend_argv
cmd_print
cmdq_append
cmdq_continue
cmdq_error
cmdq_error_callback
cmdq_find_flag
cmdq_format
cmdq_get_callback1
cmdq_get_command
cmdq_get_error
cmdq_guard
cmdq_insert_after
cmdq_insert_hook
cmdq_name
cmdq_next
cmdq_print
cmdq_remove
cmd_refresh_client_exec
cmd_rename_session_exec
cmd_rename_window_exec
cmd_resize_pane_exec
cmd_resize_pane_mouse_update
cmd_resize_window_exec
cmd_respawn_pane_exec
cmd_respawn_window_exec
cmd_rotate_window_exec
cmd_rotate_window_exec.cold
cmd_run_shell_callback
cmd_run_shell_exec
cmd_run_shell_free
cmd_run_shell_print
cmd_save_buffer_exec
cmd_select_layout_exec
cmd_select_pane_exec
cmd_select_pane_redraw
cmd_select_window_exec
cmd_send_keys_exec
cmd_send_keys_inject_key
cmd_set_buffer_exec
cmd_set_environment_exec
cmd_set_option_exec
cmd_show_environment_exec
cmd_show_environment_print.isra.0
cmd_show_messages_exec
cmd_show_options_exec
cmd_show_options_print
cmd_source_file_done
cmd_source_file_exec
cmd_split_window_exec
cmd_stringify_argv
cmd_swap_pane_exec
cmd_swap_window_exec
cmd_switch_client_exec
cmd_template_replace
cmd_unbind_key_exec
cmd_unpack_argv
cmd_wait_for_add
cmd_wait_for_exec
cmd_wait_for_flush
cmd_wait_for_remove
colour_256to16
colour_256toRGB
colour_find_rgb
colour_fromstring
colour_join_rgb
colour_split_rgb
colour_tostring
control_callback
control_error
control_notify_client_session_changed
control_notify_input
control_notify_pane_mode_changed
control_notify_session_closed
control_notify_session_created
control_notify_session_renamed
control_notify_session_window_changed
control_notify_window_layout_changed
control_notify_window_linked
control_notify_window_pane_changed
control_notify_window_renamed
control_notify_window_unlinked
control_write
control_write_buffer
default_window_name
default_window_size
environ_clear
environ_copy
environ_create
environ_find
environ_first
environ_for_session
environ_free
environ_log
environ_next
environ_push
environ_put
environ_RB_FIND.isra.0
environ_RB_INSERT
environ_RB_NEXT
environ_RB_REMOVE
environ_set
environ_unset
environ_update
fatal
fatalx
fdforkpty
fgetln
find_cwd
find_home
format_add
format_add_cb
format_add_modifier
format_add_tv.isra.0
format_cb_current_command
format_cb_current_path
format_cb_cursor_character
format_cb_history_bytes
format_cb_host
format_cb_host_short
format_cb_mouse_line
format_cb_mouse_word
format_cb_pane_in_mode
format_cb_pane_tabs
format_cb_pid
format_cb_session_alerts
format_cb_session_group_list
format_cb_session_stack
format_cb_start_command
format_cb_window_layout
format_cb_window_stack_index
format_cb_window_visible_layout
format_choose
format_create
format_defaults
format_defaults_pane
format_defaults_paste_buffer
format_defaults_window
format_draw
format_draw_none
format_draw_put
format_draw_put_list
format_each
format_entry_tree_RB_INSERT
format_entry_tree_RB_NEXT
format_expand
format_expand1
format_expand1.part.0
format_expand_time
format_find
format_free
format_free_modifiers
format_job_complete
format_job_tidy
format_job_timer
format_job_update
format_log1
format_lost_client
format_replace
format_single
format_skip
format_trim_left
format_trim_right
format_true
format_width
freezero
getdtablecount
getprogname
getptmfd
grid_adjust_lines
grid_cells_equal
grid_clear
grid_clear_cell.isra.0
grid_clear_history
grid_clear_lines
grid_collect_history
grid_compare
grid_create
grid_destroy
grid_duplicate_lines
grid_empty_line
grid_expand_line
grid_extended_cell
grid_free_line.isra.0
grid_get_cell
grid_get_cell1
grid_get_line
grid_line_length
grid_move_cells
grid_move_lines
grid_need_extended_cell.isra.0
grid_peek_line
grid_reflow
grid_reflow_add.isra.0
grid_reflow_join
grid_reflow_move
grid_scroll_history
grid_scroll_history_region
grid_set_cell
grid_set_cells
grid_string_cells
grid_string_cells_bg
grid_string_cells_fg
grid_trim_history
grid_unwrap_position
grid_view_clear
grid_view_clear_history
grid_view_delete_cells
grid_view_delete_lines
grid_view_delete_lines_region
grid_view_get_cell
grid_view_insert_cells
grid_view_insert_lines
grid_view_insert_lines_region
grid_view_scroll_region_down
grid_view_scroll_region_up
grid_view_set_cell
grid_view_set_cells
grid_view_string_cells
grid_wrap_position
ibuf_add
ibuf_close
ibuf_dynamic
ibuf_free
ibuf_free.part.0
ibuf_left
ibuf_open
ibuf_realloc
ibuf_reserve
ibuf_seek
ibuf_size
ibuf_write
imsg_add
imsg_clear
imsg_close
imsg_compose
imsg_composev
imsg_create
imsg_flush
imsg_free
imsg_get
imsg_init
imsg_read
input_c0_dispatch
input_clear
input_csi_dispatch
input_csi_dispatch_sgr_256_do
input_csi_dispatch_sgr_rgb_do
input_dcs_dispatch
input_end_bel
input_enter_apc
input_enter_dcs
input_enter_osc
input_enter_rename
input_esc_dispatch
input_exit_apc
input_exit_osc
input_exit_rename
input_free
input_ground
input_init
input_input
input_intermediate
input_key
input_parameter
input_parse
input_parse_buffer
input_pending
input_print
input_reply
input_reset
input_reset_cell
input_restore_state
input_save_state
input_start_timer
input_timer_callback
input_top_bit_set
job_check_died
job_error_callback
job_free
job_get_data
job_get_event
job_get_status
job_kill_all
job_print_summary
job_read_callback
job_run
job_still_running
job_write_callback
key_bindings_add
key_bindings_dispatch
key_bindings_first
key_bindings_first_table
key_bindings_get
key_bindings_get_table
key_bindings_init
key_bindings_next
key_bindings_next_table
key_bindings_RB_NEXT
key_bindings_RB_REMOVE
key_bindings_read_only
key_bindings_remove
key_bindings_remove_table
key_bindings_unref_table
key_bindings_unref_table.part.0
key_string_lookup_key
key_string_lookup_string
key_tables_RB_REMOVE.constprop.0
layout_add_border
layout_append.constprop.0
layout_assign
layout_assign_pane
layout_check
layout_close_pane
layout_construct
layout_count_cells
layout_create_cell
layout_destroy_cell
layout_dump
layout_fix_offsets
layout_fix_offsets1
layout_fix_panes
layout_free
layout_free_cell
layout_init
layout_make_leaf
layout_make_node
layout_new_pane_size.part.0
layout_parse
layout_print_cell
layout_resize
layout_resize_adjust
layout_resize_check
layout_resize_child_cells
layout_resize_layout
layout_resize_pane
layout_resize_pane_to
layout_search_by_border
layout_set_even
layout_set_even_h
layout_set_even_v
layout_set_lookup
layout_set_main_h
layout_set_main_v
layout_set_next
layout_set_previous
layout_set_select
layout_set_size
layout_set_size_check
layout_set_tiled
layout_split_pane
layout_spread_cell
layout_spread_out
load_cfg
log_add_level
log_close
log_debug
log_event_cb
log_get_level
log_open
log_toggle
log_vwrite.part.0
main
make_label
menu_add_item
menu_add_items
menu_create
menu_display
menu_draw_cb
menu_free
menu_free_cb
menu_key_cb
mode_tree_add
mode_tree_build
mode_tree_build_lines.isra.0
mode_tree_clear_tagged.isra.0
mode_tree_count_tagged
mode_tree_display_menu
mode_tree_down
mode_tree_draw
mode_tree_each_tagged
mode_tree_expand_current
mode_tree_filter_callback
mode_tree_filter_free
mode_tree_find_item.isra.0
mode_tree_free
mode_tree_free_item
mode_tree_free_items.isra.0
mode_tree_get_current
mode_tree_key
mode_tree_menu_callback
mode_tree_remove
mode_tree_resize
mode_tree_run_command
mode_tree_search_callback
mode_tree_search_free
mode_tree_search_set
mode_tree_set_current
mode_tree_start
mode_tree_zoom
msgbuf_clear
msgbuf_drain
msgbuf_init
msgbuf_write
name_time_callback
notify_add
notify_callback
notify_client
notify_hook
notify_input
notify_insert_hook
notify_pane
notify_session
notify_session_window
notify_window
notify_winlink
options_add
options_array_assign
options_array_clear
options_array_clear.part.0
options_array_first
options_array_get
options_array_item_index
options_array_item_value
options_array_next
options_array_RB_NEXT
options_array_RB_REMOVE
options_array_set
options_create
options_default
options_empty
options_first
options_free
options_get
options_get_number
options_get_only
options_get_string
options_get_style
options_isarray
options_isstring
options_match
options_match_get
options_name
options_next
options_parent_table_entry.isra.0
options_parse
options_parse_get
options_remove
options_scope_from_flags
options_scope_from_name
options_set_number
options_set_parent
options_set_string
options_set_style
options_table_entry
options_tostring
options_tree_RB_FIND.isra.0
options_tree_RB_NEXT
options_value_free.isra.0
options_value_tostring.isra.0
osdep_event_init
osdep_get_cwd
osdep_get_name
parse_window_name
paste_add
paste_buffer_created
paste_buffer_data
paste_buffer_name
paste_buffer_order
paste_free
paste_get_name
paste_get_name.part.0
paste_get_top
paste_make_sample
paste_name_tree_RB_INSERT.constprop.0
paste_name_tree_RB_REMOVE.constprop.0
paste_rename
paste_set
paste_time_tree_RB_INSERT.constprop.0
paste_walk
proc_add_peer
proc_clear_signals
proc_event_cb
proc_exit
proc_kill_peer
proc_loop
proc_remove_peer
proc_send
proc_set_signals
proc_signal_cb
proc_start
proc_toggle_log
proc_update_event
recalculate_sizes
recallocarray
regsub
regsub_copy
resize_window
screen_check_selection
screen_clear_selection
screen_free
screen_free_titles.isra.0.part.0
screen_hide_selection
screen_init
screen_pop_title
screen_push_title
screen_redraw_cell_border1
screen_redraw_cell_border.isra.0
screen_redraw_check_is
screen_redraw_draw_pane
screen_redraw_pane
screen_redraw_screen
screen_redraw_set_context
screen_reinit
screen_reset_tabs
screen_resize
screen_select_cell
screen_set_cursor_colour
screen_set_cursor_style
screen_set_selection
screen_set_title
screen_write_alignmenttest
screen_write_backspace
screen_write_box
screen_write_carriagereturn
screen_write_cell
screen_write_clearcharacter
screen_write_clearendofline
screen_write_clearendofscreen
screen_write_clearhistory
screen_write_clearline
screen_write_clearscreen
screen_write_clearstartofline
screen_write_clearstartofscreen
screen_write_collect_add
screen_write_collect_clear.isra.0
screen_write_collect_end
screen_write_collect_flush
screen_write_collect_scroll
screen_write_copy
screen_write_cursordown
screen_write_cursorleft
screen_write_cursormove
screen_write_cursorright
screen_write_cursorup
screen_write_deletecharacter
screen_write_deleteline
screen_write_fast_copy
screen_write_hline
screen_write_insertcharacter
screen_write_insertline
screen_write_linefeed
screen_write_menu
screen_write_mode_clear
screen_write_mode_set
screen_write_nputs
screen_write_offset_timer
screen_write_preview
screen_write_putc
screen_write_puts
screen_write_rawstring
screen_write_reset
screen_write_reverseindex
screen_write_scrolldown
screen_write_scrollregion
screen_write_scrollup
screen_write_set_cursor.isra.0
screen_write_setselection
screen_write_start
screen_write_stop
screen_write_strlen
screen_write_vline
screen_write_vnputs
server_accept
server_add_accept
server_check_marked
server_check_unattached
server_clear_marked
server_client_add_message
server_client_check_nested
server_client_clear_overlay
server_client_click_timer
server_client_command_done
server_client_create
server_client_detach
server_client_dispatch
server_client_exec
server_client_free
server_client_get_cwd
server_client_get_key_table
server_client_get_path
server_client_handle_key
server_client_how_many
server_client_key_callback
server_client_loop
server_client_lost
server_client_open
server_client_overlay_timer
server_client_push_stderr
server_client_push_stdout
server_client_redraw_timer
server_client_repeat_timer
server_client_resize_event
server_client_set_key_table
server_client_set_overlay
server_client_stderr_cb
server_client_stdout_cb
server_client_suspend
server_client_unref
server_create_socket
server_destroy_pane
server_destroy_session
server_destroy_session_group
server_is_marked
server_kill_pane
server_kill_window
server_link_window
server_lock
server_lock_client
server_lock_client.part.0
server_lock_session
server_loop
server_redraw_client
server_redraw_session
server_redraw_session_group
server_redraw_window
server_redraw_window_borders
server_set_marked
server_set_stdin_callback
server_signal
server_start
server_status_client
server_status_session
server_status_session_group
server_status_window
server_unlink_window
server_unzoom_window
server_update_socket
session_add_ref
session_alive
session_attach
session_check_name
session_cmp
session_create
session_destroy
session_detach
session_find
session_find_by_id
session_find_by_id_str
session_free
session_group_add
session_group_contains
session_group_count
session_group_find
session_group_new
session_groups_RB_FIND.isra.0
session_group_synchronize1
session_group_synchronize_from
session_group_synchronize_to
session_has
session_is_linked
session_last
session_lock_timer
session_next
session_next_session
session_previous
session_previous_session
session_remove_ref
session_renumber_windows
session_select
session_set_current
session_set_current.part.0
sessions_RB_FIND
sessions_RB_INSERT
sessions_RB_INSERT_COLOR
sessions_RB_MINMAX
sessions_RB_NEXT
sessions_RB_NFIND
sessions_RB_PREV
sessions_RB_REMOVE
sessions_RB_REMOVE_COLOR
session_update_activity
setblocking
set_cfg_file
setproctitle
spawn_log
spawn_pane
spawn_window
start_cfg
status_at_line
status_free
status_free_ranges.isra.0
status_get_range
status_init
status_line_size
status_message_callback
status_message_clear
status_message_redraw
status_message_set
status_prompt_add_history
status_prompt_clear
status_prompt_complete_prefix
status_prompt_find_history_file
status_prompt_in_list.part.0
status_prompt_key
status_prompt_load_history
status_prompt_redraw
status_prompt_save_history
status_prompt_set
status_prompt_update
status_push_screen
status_redraw
status_timer_callback
status_timer_start
status_timer_start_all
status_update_cache
stravis
strlcat
strlcpy
strnunvis
strnvis
strtonum
strunvis
strvis
strvisx
style_apply
style_apply_update
style_copy
style_equal
style_is_default
style_parse
style_set
style_tostring
tty_acs_get
tty_acs_needed
tty_add
tty_attributes
tty_check_codeset.isra.0.part.0
tty_clamp_line
tty_clear_line
tty_clear_pane_area.constprop.0
tty_clear_pane_line
tty_close
tty_cmd_alignmenttest
tty_cmd_cell
tty_cmd_cells
tty_cmd_clearcharacter
tty_cmd_clearendofline
tty_cmd_clearendofscreen
tty_cmd_clearline
tty_cmd_clearscreen
tty_cmd_clearstartofline
tty_cmd_clearstartofscreen
tty_cmd_deletecharacter
tty_cmd_deleteline
tty_cmd_insertcharacter
tty_cmd_insertline
tty_cmd_linefeed
tty_cmd_rawstring
tty_cmd_reverseindex
tty_cmd_scrolldown
tty_cmd_scrollup
tty_cmd_setselection
tty_create_log
tty_cursor
tty_cursor_pane_unless_wrap
tty_default_colours
tty_draw_line
tty_draw_pane
tty_emulate_repeat
tty_fake_bce.isra.0
tty_force_cursor_colour
tty_free
tty_init
tty_invalidate
tty_is_visible.isra.0
tty_keys_add
tty_keys_build
tty_keys_callback
tty_keys_find1
tty_keys_free
tty_keys_free1
tty_keys_next
tty_keys_next1
tty_margin
tty_margin_off
tty_margin_pane
tty_open
tty_putc
tty_putcode
tty_putcode1
tty_putcode1.part.0
tty_putcode2
tty_putcode2.part.0
tty_putcode3
tty_putcode3.part.0
tty_putcode_ptr1
tty_putcode_ptr1.part.0
tty_putcode_ptr2
tty_putn
tty_puts
tty_puts.part.0
tty_raw
tty_read_callback
tty_redraw_region
tty_region
tty_region_off
tty_repeat_space
tty_reset
tty_resize
tty_set_size
tty_set_title
tty_set_type
tty_start_tty
tty_stop_tty
tty_term_describe
tty_term_find
tty_term_flag
tty_term_free
tty_term_has
tty_term_ncodes
tty_term_number
tty_term_override_next
tty_term_ptr1
tty_term_ptr2
tty_term_string
tty_term_string1
tty_term_string2
tty_term_string3
tty_timer_callback
tty_try_colour
tty_update_client_offset
tty_update_mode
tty_update_window_offset
tty_window_bigger
tty_window_offset
tty_write
tty_write_callback
unvis
unvis.part.0
usage
utf8_append
utf8_combine
utf8_copy
utf8_cstrhas
utf8_cstrwidth
utf8_fromcstr
utf8_isvalid
utf8_open
utf8_padcstr
utf8_sanitize
utf8_set
utf8_split
utf8_stravis
utf8_strlen
utf8_strvis
utf8_strwidth
utf8_tocstr
utf8_width
vis
window_add_pane
window_add_ref
window_buffer_build
window_buffer_cmp_name
window_buffer_cmp_size
window_buffer_cmp_time
window_buffer_do_delete
window_buffer_do_paste
window_buffer_draw
window_buffer_free
window_buffer_init
window_buffer_key
window_buffer_menu
window_buffer_resize
window_buffer_search
window_client_build
window_client_cmp_activity_time
window_client_cmp_creation_time
window_client_cmp_name
window_client_cmp_size
window_client_do_detach
window_client_draw
window_client_free
window_client_init
window_client_key
window_client_menu
window_client_resize
window_clock_draw_screen.isra.0
window_clock_free
window_clock_init
window_clock_key
window_clock_resize
window_clock_timer_callback
window_cmp
window_copy_add
window_copy_adjust_selection.isra.0
window_copy_append_selection
window_copy_clear_selection
window_copy_cmd_append_selection
window_copy_cmd_append_selection_and_cancel
window_copy_cmd_back_to_indentation
window_copy_cmd_begin_selection
window_copy_cmd_bottom_line
window_copy_cmd_cancel
window_copy_cmd_clear_selection
window_copy_cmd_copy_end_of_line
window_copy_cmd_copy_line
window_copy_cmd_copy_pipe
window_copy_cmd_copy_pipe_and_cancel
window_copy_cmd_copy_pipe_no_clear
window_copy_cmd_copy_selection
window_copy_cmd_copy_selection_and_cancel
window_copy_cmd_copy_selection_no_clear
window_copy_cmd_cursor_down
window_copy_cmd_cursor_left
window_copy_cmd_cursor_right
window_copy_cmd_cursor_up
window_copy_cmd_end_of_line
window_copy_cmd_goto_line
window_copy_cmd_halfpage_down
window_copy_cmd_halfpage_down_and_cancel
window_copy_cmd_halfpage_up
window_copy_cmd_history_bottom
window_copy_cmd_history_top
window_copy_cmd_jump_again
window_copy_cmd_jump_backward
window_copy_cmd_jump_forward
window_copy_cmd_jump_reverse
window_copy_cmd_jump_to_backward
window_copy_cmd_jump_to_forward
window_copy_cmd_middle_line
window_copy_cmd_next_matching_bracket
window_copy_cmd_next_paragraph
window_copy_cmd_next_space
window_copy_cmd_next_space_end
window_copy_cmd_next_word
window_copy_cmd_next_word_end
window_copy_cmd_other_end
window_copy_cmd_page_down
window_copy_cmd_page_down_and_cancel
window_copy_cmd_page_up
window_copy_cmd_previous_matching_bracket
window_copy_cmd_previous_paragraph
window_copy_cmd_previous_space
window_copy_cmd_previous_word
window_copy_cmd_rectangle_toggle
window_copy_cmd_scroll_down
window_copy_cmd_scroll_down_and_cancel
window_copy_cmd_scroll_up
window_copy_cmd_search_again
window_copy_cmd_search_backward
window_copy_cmd_search_backward_incremental
window_copy_cmd_search_forward
window_copy_cmd_search_forward_incremental
window_copy_cmd_search_reverse
window_copy_cmd_select_line
window_copy_cmd_select_word
window_copy_cmd_start_of_line
window_copy_cmd_stop_selection
window_copy_cmd_top_line
window_copy_command
window_copy_common_init
window_copy_copy_buffer.isra.0
window_copy_copy_selection
window_copy_cursor_down
window_copy_cursor_end_of_line
window_copy_cursor_jump
window_copy_cursor_jump_back
window_copy_cursor_jump_to
window_copy_cursor_jump_to_back
window_copy_cursor_next_word
window_copy_cursor_next_word_end
window_copy_cursor_previous_word
window_copy_cursor_start_of_line
window_copy_cursor_up
window_copy_drag_release
window_copy_drag_update
window_copy_formats
window_copy_free
window_copy_get_selection
window_copy_init
window_copy_in_set.isra.0
window_copy_is_lowercase
window_copy_key_table
window_copy_other_end
window_copy_pagedown
window_copy_pageup
window_copy_pageup1
window_copy_redraw_lines
window_copy_resize
window_copy_scroll_timer
window_copy_scroll_to
window_copy_search
window_copy_search_compare
window_copy_search_jump
window_copy_search_lr
window_copy_search_marks.isra.0
window_copy_set_selection
window_copy_start_drag
window_copy_start_selection
window_copy_update_cursor
window_copy_update_selection
window_copy_vadd
window_copy_view_init
window_copy_write_line.isra.0
window_count_panes
window_create
window_destroy_panes
window_find_by_id
window_find_by_id_str
window_find_string
window_get_active_at
window_has_pane
window_lost_pane
window_pane_alternate_off
window_pane_alternate_on
window_pane_at_index
window_pane_cmp
window_pane_destroy
window_pane_destroy_ready
window_pane_error_callback
window_pane_find_by_id
window_pane_find_by_id_str
window_pane_find_down
window_pane_find_left
window_pane_find_right
window_pane_find_up
window_pane_get_palette
window_pane_index
window_pane_input_callback
window_pane_key
window_pane_mode_timer
window_pane_next_by_number
window_pane_previous_by_number
window_pane_read_callback
window_pane_reset_mode
window_pane_reset_mode_all
window_pane_reset_palette
window_pane_resize
window_pane_search
window_pane_set_event
window_pane_set_mode
window_pane_set_palette
window_pane_start_input
window_pane_tree_RB_FIND
window_pane_tree_RB_INSERT
window_pane_tree_RB_INSERT_COLOR
window_pane_tree_RB_MINMAX
window_pane_tree_RB_NEXT
window_pane_tree_RB_NFIND
window_pane_tree_RB_PREV
window_pane_tree_RB_REMOVE
window_pane_tree_RB_REMOVE_COLOR
window_pane_unset_palette
window_pane_visible
window_printable_flags
window_redraw_active_switch
window_remove_pane
window_remove_ref
window_resize
window_set_active_pane
window_set_name
windows_RB_FIND
windows_RB_INSERT
windows_RB_INSERT_COLOR
windows_RB_MINMAX
windows_RB_NEXT
windows_RB_NFIND
windows_RB_PREV
windows_RB_REMOVE
windows_RB_REMOVE_COLOR
window_tree_add_item.isra.0
window_tree_build
window_tree_cmp_pane_time
window_tree_cmp_session_name
window_tree_cmp_session_time
window_tree_cmp_window_name
window_tree_cmp_window_time
window_tree_command_callback
window_tree_command_done
window_tree_command_each
window_tree_command_free
window_tree_destroy.part.0
window_tree_draw
window_tree_draw_label
window_tree_free
window_tree_get_target
window_tree_init
window_tree_key
window_tree_kill_current_callback
window_tree_kill_each
window_tree_kill_tagged_callback
window_tree_menu
window_tree_pull_item
window_tree_resize
window_tree_search
window_unzoom
window_update_activity
window_zoom
winlink_add
winlink_clear_flags
winlink_cmp
winlink_count
winlink_find_by_index
winlink_find_by_window
winlink_find_by_window_id
winlink_next
winlink_next_by_number
winlink_previous
winlink_previous_by_number
winlink_remove
winlink_set_window
winlink_shuffle_up
winlinks_RB_FIND
winlinks_RB_INSERT
winlinks_RB_INSERT_COLOR
winlinks_RB_MINMAX
winlinks_RB_NEXT
winlinks_RB_NFIND
winlinks_RB_PREV
winlinks_RB_REMOVE
winlinks_RB_REMOVE_COLOR
winlink_stack_push
winlink_stack_remove
xasprintf
xcalloc
xmalloc
xrealloc
xreallocarray
xsnprintf
xstrdup
xstrndup
xterm_keys_find
xterm_keys_lookup
xvasprintf
xvsnprintf
yyerror
yygrowstack
yylex
yylex_append
yylex_getc1
yylex_getc.part.0
yylex_is_var.constprop.0
yylex_is_var.part.0
yylex_token_tilde
yylex_token_variable
yylex_ungetc
