AclCheckPermCmd
AclCheckPermWin
AclLinkUser
AclSetPerm
AclSetPermCmd.isra.0
AclSetPermWin.isra.0
AclUmask
AclWinSwap
Activate
AddAction
AddCanvas
AddCap
AddCStr
AddCStr2
add_key_to_buf
AddLoadav
AddOtherUsers
AddStr
AddStrn
AddUtf8
AddWindowFlags
AddWindowFlags.part.0
AddWindows
AddWinMsgRend
AddXChar
AddXChars
AKAfin
ApplyAttrColor
ASetMode
AskPassword.constprop.0
Attach
Attacher
AttacherFinit
AttacherFinitBye
AttacherSigAlarm
AttacherSigInt
AttacherWinch
AttachSigCont
AutosaveLayout
backsearchend
backtick_fn
bclear
BindkeyAbort
bindkeypage
BindkeyProcess
BindkeyRedisplayLine
BlankResize
brktty
CalcCost
CalcSlicePercent
CallRewrite
CallRewrite.cold
CanEncodeFont
CatExtra
centerline
ChangeAKA
ChangeCanvasSize.part.0
changed_logfile.isra.0
ChangeScreenSize
ChangeScrollRegion
ChangeWindowSize
CheckArgNum
CheckEscape
CheckEscape.part.0
CheckMaxSize
CheckScreenSize
CheckTtyname
chsock
ClearAction
ClearAll
ClearArea
ClearLine
ClearLineRegion
ClearScreen
closeallfiles
CloseDevice
Colonfin
color256to16
comb_tofront
CompileKeys
confirm_fn
consredir_readev_fn
ContainsSpecialDeffont
copyarg
copypage
copy_reg_fn
CopyrightAbort
CopyrightProcess
CopyrightRedisplayLine
CoreDump
CoreDump.cold
CountCanvas
CountCanvasPerp
CountChars
CreateCanvasChainRec
CreateLayout
CreateTempDisplay.constprop.0
CreateTransTable
CursorDown
CursorkeysMode
CursorUp
CursorVisibility
cv_winid_fn
DecodeChar
DefClearLine
DefProcess
DefRedisplayLine
DefResize
DefRestore
DefRewrite
_delay
DesignateCharset
Detach
Detach.cold
digraph_find
digraph_fn
disp_blanker_fn
disp_blocked_fn
disp_hstatus_fn
disp_idle_fn
display_bindkey
display_copyright
display_displays
display_help
DisplayLine
DisplaySleep1000
display_windows
disp_map_fn
disp_readev_fn
disp_status_fn
disp_writeev_eagain
disp_writeev_fn
DoAction
DoAddChar
DoCommand
DoCommandMsg.constprop.0
DoESC
DoLock
DoNLS
DoProcess
DoScreen
do_source
DoStartLog
DoSu
Dummy
dump_canvas
DupLayoutCv
eexit
encmatch
EncodeChar
EncodeChar.part.0
EncodingDefFont
EncodingName
EnterAltScreen
EqualizeCanvas
erase_chars
evdeq
evenq
ExitOverlayPage
exit_with_usage
fgtty
Filename
FindCanvas
findcap
FindCommnr
FindEncoding
FindGroupPtr
FindKtab.part.0
FindLayout
FindNiceWindow
findrcfile
findseq_ge
FindSocket
FindUserPtr
FinishAttach
FinishDetach
FinishRc
FinishRc.cold
Finit
FinitHandler
FinitTerm
Flush
ForkWindow
ForwardTab
FreeAltScreen
FreeCanvas
FreeDisplay
FreeLayoutCv
FreeMline
FreePaster
FreePerp
FreePseudowin
FreeTransTable
freetty
FreeWindow
FreeWindowAcl
FromUtf8
GetAnsiStatus
GetHistory
gettermcapstring
GetTTY
gl_Display_footer
gl_Display_free
gl_Display_freerow
gl_Display_header
gl_Display_input
gl_Display_row
glist_abort
glist_add_row
glist_display
glist_display_all
glist_remove_rows
glist_search
glist_search_dir
gl_Window_add_group
gl_Window_footer
gl_Window_free
gl_Window_free.cold
gl_Window_freerow
gl_Window_header
gl_Window_input
gl_Window_match
gl_Window_rebuild
gl_Window_remove
gl_Window_row
GotoPos
GrowBitfield
Hangup
HelpAbort
helppage
HelpProcess
HelpRedisplayLine
InitBuiltinTabs
InitKeytab
InitLoadav
InitOverlayPage
InitPTY
InitTerm
InitTermcap
InitTTY
InitUtmp
InpAbort
InpProcess
InpRedisplayLine
inp_setprompt
Input
InputSetenv
InsChar
INSERTCHAR
InsertMode
ins_reg_fn
InStr
is_bm
ISearch
islogfile
IsNumColon
is_process
KeypadMode
Kill
KillBlanker
KillBuffers
KillLayerChain
KillWindow
KillWindow.cold
LayerCleanupMemory
LayoutDumpCanvas
LayPause
LayPauseUpdateRegion
LayPauseUpdateRegion.part.0
LayProcessMouse
LayProcessMouseSwitch
LCDisplayLine
LCDisplayLineWrap
LClearAll
LClearArea
LClearArea.part.0
LClearLine
LCursorkeysMode
LCursorVisibility
LeaveAltScreen
leftline
lf_move_fd
lf_secreopen
LGotoPos
lineend
LineFeed
linestart
LInsChar
ListAbort
ListClearLine
ListFree
ListProcess
ListRedisplayLine
ListResize
ListRestore
ListRewrite
LKeypadMode
LMouseMode
LMsg
LoadFontTranslation
LoadFontTranslationsForEncoding
LoadLayout
LockHup
LockTerminal
logfclose
logfclose.cold
logfflush
logfile_reopen
logflush_fn
logfopen
logfwrite
logreopen_register
lookup_baud
LPutChar
LPutStr
LPutWinMsg
LRefreshAll
LScrollH
LScrollV
LScrollV.part.0
LSetFlow
LSetRendition
LWrapChar
main
MakeClientSocket
MakeDefaultCanvas
MakeDisplay
MakeNewEnv
MakePaster
MakeServerSocket
MakeStatus
MakeString.constprop.0
MakeTermcap
MakeWindow
MakeWinMsg
MakeWinMsgEv
MarkAbort
MarkProcess
MarkRedisplayLine
MarkRewrite
MarkRoutine
MarkScrollDownDisplay.part.0
MarkScrollUpDisplay.part.0
matchword
MayResizeLayer
MBceLine
MClearArea.part.0
MFindUsedLine
MFixLine
MInsChar
MoreWindows
MouseMode
MPutChar
MScrollH.part.0
MScrollV
Msg
muchpending.isra.0
NewLayout
NewWindowAcl
nextchar.isra.0
NextWindow
nextword
NukePending
nwin_compose
ObtainAutoWritelock
OneCanvas
OpenDevice
OpenPTY
OpenTTY
pad_expand.constprop.0
PadStr
Panic
Parse
ParseAttrColor
ParseBase
ParseChar
parse_input_int
ParseNum
ParseNum1000.isra.0
ParseOnOff
ParseSaveStr
ParseSwitch
pass1
pass2
PasswordProcessInput
paste_slowev_fn
pow_detach_fn
PrepareEncodedChar
PrePutWinMsg
PreviousWindow
PrintFlush
printpipe
process_fn
ProcessInput
ProcessInput2
ProcessInput.part.0
pseu_readev_fn
pseu_writeev_fn
PutChar
PUTCHAR
PUTCHARLP
PutWindowCv
PutWinMsg
QueryMsg
QueryResultFail
QueryResultSuccess
RAW_PUTCHAR
RcLine
ReadFile
readpipe
ReceiveMsg
ReceiveRaw
RecodeBuf
recode_char
recode_char_dw
recode_char_dw_to_encoding
recode_char_to_encoding
recode_mchar
recode_mline
RecoverSocket
RecreateCanvasChain
Redisplay
RedisplayDisplays
RefreshAll
RefreshArea
RefreshHStatus
RefreshLine
ReleaseAutoWritelock
rem
RemakeWindow
remap
RemCanvas
RemoveLayout
RemoveLoginSlot
RemoveStatus
RemoveStatusMinWait
RemoveUtmp
RenameLayout
RenumberLayout
Report
ResetAnsiState
ResetCharsets
ResetEncoding
ResetIdle
ResetWindow
ResizeCanvas
ResizeDisplay
ResizeFin
ResizeLayer
ResizeLayersToCanvases
Resize_obuf
ResizeRegions
RestoreCursor.part.0
RestoreLoginSlot
RethinkDisplayViewports
RethinkViewportOffsets
ReverseVideo
revto
revto_line
RunBlanker
SaveAction
SaveArgs
SaveLayout
SaveStr
SaveStrn
sched
Scroll
ScrollH
ScrollRegion
ScrollV
ScrollV.part.0
Search
searchend
secfopen
secopen
SelectFin
SelectLayoutFin
SendAttachMsg
SendBreak
SendCmdMessage
SendCreateMsg
SendErrorMsg
serv_read_fn
serv_select_fn
SetAttr
setbacktick
SetBaud
SetCanvasWindow
SetCanvasWindow.cold
SetCharsets
SetColor
SetenvFin1
SetenvFin2
SetEscape
SetEscape.part.0
SetFlow
SetFont
SetForeCanvas
SetForeWindow
SetMode
SetRendition
SetRenditionMline
setseqoff
SetTimeout
SetTTY
SetUtmp
ShowHStatus
ShowLayouts
ShowWindows
SigAlrmDummy
SigChld
SigHup
SigInt
SigStop
sleep1000
SlotToggle
Special
StartRc
StartRc.cold
stolen_logfile.isra.0
StringEnd
stripdev
strlen_onscreen
SttyMode
SttyMode.part.0
StuffFin
StuffKey
su_fin
SwitchWindow
SwitchWindow.part.0
ToUtf8
ToUtf8_comb
TtyGetModemStatus
TtyGrabConsole
UpdateLayoutCanvas
UserAcl
UserAclCopy
UserAdd
UserContext
UserDel
UserFreeCopyBuffer
UserReturn
UsersAcl
UserStatus
utf8_handle_comb
utf8_iscomb
utf8_isdouble
WBell
WChangeSize
WinClearLine
win_destroyev_fn
WindowByName
WindowByNoN
WindowChanged
WindowChangedCheck
WindowChangeNumber
WindowDied
window_kill_confirm
winexec
WinProcess
win_readev_fn
WinRedisplayLine
WinResize
WinRestore
win_resurrect_zombie_fn
WinRewrite
win_silenceev_fn
WinSwitchEncoding
win_writeev_fn
WListLinkChanged
WListUpdatecv
WMsg
WNewAutoFlow
WrapChar
WriteFile
WriteLP
WriteMessage
WriteString
xrealloc
xsetegid
xsetenv
xseteuid
xsignal
zmodem_abort
zmodem_fin
ZmodemPage
ZmodemRedisplayLine
ZmodemResize
