accept_connection
add_url
all_dls_complete
all_dls_connect_rejected
all_dls_failed_login
all_dls_remote_failed
base64_encode
bind_socket
buf_peek
buf_readchar
calc_con_ratebps
calc_throttle_factor
clean_ftpsocks
clean_httpsock
cmd_boolean
cmd_number
cmd_string
comind
compare_two_servers
connect_to_server
construct_relative
curses_display_est_time
curses_display_est_time.part.0
curses_do_interface
curses_draw_display
curses_exit_no_resume
curses_exit_resume
curses_ftpsearch_interface
curses_message
curses_query_user_input
debug_init
debug_prz
decode_string
delay_ms
delete_downloads
delete_file_portions
die
display_list
do_downloads
do_logfile
do_log_file_normal
do_log_file_resume
encode_string
encode_string_maybe
fetch_ftp_portions
fetch_http_portions
fetch_next_header
find_ahref
find_closed_a
find_end
find_last_char
freeurl
ftp_allocate_connections
ftp_ascii
ftp_binary
ftp_check_msg
ftp_connect_to_server
ftp_connect_to_server.part.0
ftp_cwd
ftp_get_file_chunk
ftp_get_file_info
ftp_get_file_info.part.0
ftp_get_file_to_end
ftp_get_info
ftp_get_line
ftp_get_listen_socket
ftp_get_reply
ftp_list
ftp_login
ftp_loop
ftpparse
ftp_pasv
ftp_port
ftp_pwd
ftp_read_msg
ftp_rest
ftp_retr
ftp_retr_fsize_known
ftp_retr_fsize_notknown
ftp_send_msg
get_basic_auth_str
get_complete_mirror_list
get_ftp_return
get_http_info
get_mirror_info
get_mirror_list_pos
getmonth.part.0
get_prefixed_file
get_string_ahref
grow_buffer
guesstai
handle_threads
has_proto
help
hgetaccept_ranges
hgetlen
hgetlocation
hgetmodified
hgetrange
home_dir
hparsestatline
hskip_lws
http_allocate_connections
http_fetch_headers
http_get_complete_file
http_get_file_chunk
http_loop
http_retr_fsize_known
http_retr_fsize_notknown
initbase.part.0
is_number
join_downloads
kfree
k_gethostname
kmalloc
krealloc
krecv
ksend
kstrdup
license
log_create_logfile
log_delete_logfile
log_logfile_exists
log_read_logfile
main
maybe_add_to_list
message
myftp_ping
numdigit
parse_dir
parse_html_mirror_list
parse_html_mirror_list.part.0
parse_line
parse_netrc
parseurl
path_simplify
path_simplify.part.0
ping_connect_to_server
ping_ftp_check_msg
ping_ftp_get_line
ping_ftp_get_reply
ping_ftp_read_msg
ping_get_ftp_return
ping_one_server
ping_the_list
prepare_lycos_url
prnum
process_ftp_type
prozrc_file_name
query_completed_conns_count
query_connecting_conns_count
query_downloading_conns_count
query_logging_conns_count
query_loginfail_connections_count
query_overwrite_target
query_remote_errror_conns_count
query_resume_old_download
quit
read_whole_line
resume_modify_ftp_connections
resume_modify_ftp_single_connection
resume_modify_http_connections
resume_modify_http_single_connection
search_netrc
select_fd
setargval
set_defaults
set_preferences
setval
setval.part.0
skip_proto
skip_uname
strdupdelim
str_url
terminate_threads
throttle_con_rate
timeval_subtract
totai
uri_merge
uri_merge_1
url_cpy
urlpath_length
urlproto
version
